
E:\电子电器项目\智能台灯\程序代码\hekr单片机代码\hekrLED>SET C51TMP=E:\电子电器项目\智能台灯\程序代码\hekr单片机代码\hekrLED 

E:\电子电器项目\智能台灯\程序代码\hekr单片机代码\hekrLED>SET C51INC=E:\Keil\C51\Inc 

E:\电子电器项目\智能台灯\程序代码\hekr单片机代码\hekrLED>E:

E:\电子电器项目\智能台灯\程序代码\hekr单片机代码\hekrLED>CD\电子电器项目\智能台灯\程序代码\hekr单片机代码\hekrLED

E:\电子电器项目\智能台灯\程序代码\hekr单片机代码\hekrLED>E:\Keil\C51\Bin\C51.EXE main.c DB OE INCDIR(E:\Keil\C51\INC;E:\Keil\C51\INC) 

C51 COMPILER V9.00 - SN: K1MMC-JCWDCC
COPYRIGHT KEIL ELEKTRONIK GmbH 1987 - 2009
*** WARNING C500 IN LINE 1 OF MAIN.C: LICENSE ERROR (R208: RENEW LICENSE ID CODE (LIC))


C51 COMPILATION COMPLETE.  1 WARNING(S),  0 ERROR(S)

E:\电子电器项目\智能台灯\程序代码\hekr单片机代码\hekrLED>CD
E:\电子电器项目\智能台灯\程序代码\hekr单片机代码\hekrLED

E:\电子电器项目\智能台灯\程序代码\hekr单片机代码\hekrLED>MOVE E:\电子电器项目\智能台灯\程序代码\hekr单片机代码\hekrLED\main.obj E:\电子电器项目\智能台灯\程序代码\hekr单片机代码\hekrLED\Debug 
移动了         1 个文件。

E:\电子电器项目\智能台灯\程序代码\hekr单片机代码\hekrLED>MOVE E:\电子电器项目\智能台灯\程序代码\hekr单片机代码\hekrLED\main.lst E:\电子电器项目\智能台灯\程序代码\hekr单片机代码\hekrLED\Debug 
移动了         1 个文件。

E:\电子电器项目\智能台灯\程序代码\hekr单片机代码\hekrLED\Debug>SET C51LIB=E:\Keil\C51\Lib 

E:\电子电器项目\智能台灯\程序代码\hekr单片机代码\hekrLED\Debug>E:\Keil\C51\Bin\BL51.EXE @Projects.lnk 

BL51 BANKED LINKER/LOCATER V6.22 - SN: K1MMC-JCWDCC
COPYRIGHT KEIL ELEKTRONIK GmbH 1987 - 2009
main.obj TO hekrLED.omf  RAMSIZE(256)

*** WARNING L1: UNRESOLVED EXTERNAL SYMBOL
    SYMBOL:  VALID_DATA
    MODULE:  MAIN.OBJ (MAIN)

*** WARNING L1: UNRESOLVED EXTERNAL SYMBOL
    SYMBOL:  _HEKRINIT
    MODULE:  MAIN.OBJ (MAIN)

*** WARNING L1: UNRESOLVED EXTERNAL SYMBOL
    SYMBOL:  _HEKRMODULECONTROL
    MODULE:  MAIN.OBJ (MAIN)

*** WARNING L1: UNRESOLVED EXTERNAL SYMBOL
    SYMBOL:  _HEKRVALIDDATAUPLOAD
    MODULE:  MAIN.OBJ (MAIN)

*** WARNING L1: UNRESOLVED EXTERNAL SYMBOL
    SYMBOL:  _HEKRRECVDATAHANDLE
    MODULE:  MAIN.OBJ (MAIN)

*** WARNING L1: UNRESOLVED EXTERNAL SYMBOL
    SYMBOL:  MODULESTATUS
    MODULE:  MAIN.OBJ (MAIN)

*** WARNING L2: REFERENCE MADE TO UNRESOLVED EXTERNAL
    SYMBOL:  _HEKRINIT
    MODULE:  MAIN.OBJ (MAIN)
    ADDRESS: 0912H

*** WARNING L2: REFERENCE MADE TO UNRESOLVED EXTERNAL
    SYMBOL:  _HEKRVALIDDATAUPLOAD
    MODULE:  MAIN.OBJ (MAIN)
    ADDRESS: 0917H

*** WARNING L2: REFERENCE MADE TO UNRESOLVED EXTERNAL
    SYMBOL:  _HEKRMODULECONTROL
    MODULE:  MAIN.OBJ (MAIN)
    ADDRESS: 091CH

*** WARNING L2: REFERENCE MADE TO UNRESOLVED EXTERNAL
    SYMBOL:  _HEKRRECVDATAHANDLE
    MODULE:  MAIN.OBJ (MAIN)
    ADDRESS: 0927H

*** WARNING L2: REFERENCE MADE TO UNRESOLVED EXTERNAL
    SYMBOL:  VALID_DATA
    MODULE:  MAIN.OBJ (MAIN)
    ADDRESS: 0931H

*** WARNING L2: REFERENCE MADE TO UNRESOLVED EXTERNAL
    SYMBOL:  MODULESTATUS
    MODULE:  MAIN.OBJ (MAIN)
    ADDRESS: 093BH

*** WARNING L2: REFERENCE MADE TO UNRESOLVED EXTERNAL
    SYMBOL:  MODULESTATUS
    MODULE:  MAIN.OBJ (MAIN)
    ADDRESS: 093DH

*** WARNING L2: REFERENCE MADE TO UNRESOLVED EXTERNAL
    SYMBOL:  MODULESTATUS
    MODULE:  MAIN.OBJ (MAIN)
    ADDRESS: 093FH

******************************************************************************
* RESTRICTED VERSION WITH 0800H BYTE CODE SIZE LIMIT; USED: 00E4H BYTE (11%) *
******************************************************************************

Program Size: data=14.0 xdata=20 code=397
LINK/LOCATE RUN COMPLETE.  14 WARNING(S),  0 ERROR(S)

E:\电子电器项目\智能台灯\程序代码\hekr单片机代码\hekrLED\Debug>CD
E:\电子电器项目\智能台灯\程序代码\hekr单片机代码\hekrLED\Debug
